// Jest Snapshot v1, https://goo.gl/fbAQLP

exports[`Should Loading Screen renders correctly 1`] = `
<div>
  <p>
    Loading ...
  </p>
</div>
`;
