// Jest Snapshot v1, https://goo.gl/fbAQLP

exports[`Should Not Found Page renders correctly 1`] = `
<div>
  <div
    class="not-found"
    style="display: flex; flex-direction: column; align-items: center; justify-content: center; height: 50vh; font-size: 50px;"
  >
    <h1
      class="not-found__title"
      style="margin: 0px;"
    >
      404
    </h1>
    <p
      class="not-found__text"
    >
      Page not found
    </p>
    <a
      class="not-found__link"
      href="/"
      style="color: blue;"
    >
      Home Page
    </a>
  </div>
</div>
`;
